2026-09-23 19:26:59,180 - INFO - Test started
2026-09-23 19:26:59,180 - INFO - Opening application
2026-09-23 19:26:59,181 - INFO - Entering username
2026-09-23 19:26:59,181 - INFO - Clicking login button
2026-09-23 19:26:59,181 - INFO - Test completed
2026-09-23 19:38:16,999 - INFO - Opening login page
2026-09-23 19:38:32,360 - INFO - Entering username
2026-09-23 19:43:29,772 - INFO - Opening login page
2026-09-23 19:43:31,379 - INFO - Entering username
2026-09-23 19:44:53,844 - INFO - Opening login page
2026-09-23 19:44:55,275 - INFO - Entering username
2026-09-24 15:41:08,903 - INFO - Opening login page
2026-09-24 15:41:14,676 - INFO - Entering username
2026-09-24 15:46:45,459 - INFO - Opening login page
2026-09-24 15:46:46,218 - INFO - Entering username
2026-09-24 15:56:06,205 - INFO - Opening login page
2026-09-24 15:56:09,690 - INFO - Entering username
2026-09-24 16:12:44,028 - INFO - Opening login page
2026-09-24 16:12:47,307 - INFO - Entering username
2026-09-24 16:16:10,720 - INFO - Opening login page
2026-09-24 16:16:11,334 - INFO - Entering username
2026-09-24 16:28:24,533 - INFO - Opening login page
2026-09-24 16:28:28,048 - INFO - Entering username
